[ocbm] IF0 bulk IN=0x81 OUT=0x01
no HELLO_ACK
[ocbm] no CT_SETTIME ack (box handler absent?)
[avdec] committed forward-encrypted validation — decrypting box video on the HOST
[avdec] decrypted 0 OK / 0 fail · 2 config · 0 plaintext B
[avdec] decrypted 0 OK / 0 fail · 2 config · 0 plaintext B
[avdec] decrypted 0 OK / 0 fail · 2 config · 0 plaintext B
[avdec] decrypted 0 OK / 0 fail · 2 config · 0 plaintext B
[avdec] decrypted 0 OK / 0 fail · 2 config · 0 plaintext B
[avdec] decrypted 0 OK / 0 fail · 2 config · 0 plaintext B
[avdec] decrypted 0 OK / 0 fail · 2 config · 0 plaintext B
[avdec] decrypted 0 OK / 0 fail · 2 config · 0 plaintext B
[avdec] decrypted 0 OK / 0 fail · 2 config · 0 plaintext B
[avdec] decrypted 0 OK / 0 fail · 2 config · 0 plaintext B
[avdec] received video key from box — decrypting on host
[avdec] decrypted 124 OK / 0 fail · 5 config · 1710660 plaintext B
[avdec] decrypted 209 OK / 0 fail · 5 config · 1949364 plaintext B
[avdec] decrypted 269 OK / 0 fail · 5 config · 2117868 plaintext B
[avdec] decrypted 329 OK / 0 fail · 5 config · 2286372 plaintext B
[avdec] decrypted 389 OK / 0 fail · 5 config · 2454876 plaintext B
[avdec] decrypted 456 OK / 0 fail · 5 config · 2788795 plaintext B
[avdec] decrypted 468 OK / 0 fail · 5 config · 2823037 plaintext B
[avdec] decrypted 468 OK / 0 fail · 5 config · 2823037 plaintext B
[avdec] decrypted 468 OK / 0 fail · 5 config · 2823037 plaintext B
[avdec] decrypted 468 OK / 0 fail · 5 config · 2823037 plaintext B
[avdec] decrypted 468 OK / 0 fail · 5 config · 2823037 plaintext B
[avdec] decrypted 468 OK / 0 fail · 5 config · 2823037 plaintext B
[avdec] COMMITTED forward-encrypted — 468 frames decrypted on HOST, 0 failed, 5 config; 2823037 B plaintext AVCC (→ /tmp/carplay_dec.h264)
[avdec] ✓ host decrypted box-forwarded ENCRYPTED video — committed model validated
