# ─────────────────────────────────────────────────────────────────────────────
# VERIFICATION NOTE: these logs were produced by ccpa/airplayd, which for the
# on-hardware validation REUSES ANOTHER PROJECT’S CarPlay receiver as the harness —
# ncm_carplayd/receiver_core (its proven ControlServer for pair-setup/verify + auth-setup,
# and, for the full-session capture, its AvSession for SETUP/RECORD/stream handling).
# This proves the session works on the adapter; it is NOT the committed final design,
# which forwards the ENCRYPTED A/V + the session key over OCBM to the host app (no on-box
# decode/IPC). MFi is our own LocalMfiSigner on the genuine local i2c chip. See ./README.md.
# ─────────────────────────────────────────────────────────────────────────────

[csa] start; waiting for iPhone replug (90s)
[csa] iPhone device = /dev/bus/usb/001/002
iap_role_switch: /dev/bus/usb/001/002  0x51 wValue=1 -> ret=0
SENT OK — watch for iPhone re-enumerate as host
[csa] gadget enabled; launching iap2d
[iap2] opened /dev/android_iap2 — iAP2 transport ready
[iap2] MFi chip open (local i2c), DeviceVersion=0x03
[iap2] TX detect + SYN — waiting for SYN-ACK
[iap2] SYN-ACK — link up
[iap2] TX 0xAA01 AuthenticationCertificate (945 B)
[iap2] RX 0xAA00 -> CertSent
[iap2] TX 0xAA03 AuthenticationResponse (128 B sig)
[iap2] RX 0xAA02 -> SignSent
[iap2] AuthSuccess
[iap2] RX 0xAA05 -> Authenticated
[iap2] TX 0x1D01 IdentificationInformation (275 B)
[iap2] RX 0x1D00 -> IdentSent
[iap2] IdentifyAccept
[iap2] RX 0x1D02 -> Identified
[iap2] RX 0x4E0A -> Identified
[iap2] RX 0x4E0B -> Identified
