[uplink] control-in listening 127.0.0.1:9112 (mic PCM in / uplink back-channel out)
[airplayd] peerstore: loaded 1 known device(s) from /etc/carplay_peers.bin
[airplayd] pairing server on [::]:5000 · device 'CarLink' (AA:BB:CC:DD:EE:01) · setup 3939 · config /tmp/carplay_cfg.yaml (per-connection)
[airplayd] HID input ingest on 127.0.0.1:9110 (task #20)
[uplink] control-in connected from 127.0.0.1:34075
[airplayd] ── control connection from [fe80::c92:ff0b:1701:492%5]:61820 ──
[airplayd] cfg: /tmp/carplay_cfg.yaml (1482 B) → 1920×720@60 hevc=true dpad=false viewAreas=false safe=None
[airplayd] control keepalive armed (3s/3s/3 → ~12s dead-link detect)
[receiver] POST /pair-verify (plain, 37 B body)
[receiver] POST /pair-verify (plain, 125 B body)
[receiver] pair-verify OK → control channel encrypted
[receiver] POST /auth-setup (enc, 33 B body)
[receiver] auth-setup (MFi-SAP) OK → 1113 B M2
[receiver] SETUP /12047929092384112826 (enc, 764 B body)
[session] SETUP phase1 → timingPort 48191 eventPort 35866 keepAlivePort 0
[receiver] GET /info (enc, 0 B body)
[receiver] RECORD /12047929092384112826 (enc, 0 B body)
[session] RECORD: event channel accepted from [fe80::c92:ff0b:1701:492%5]:61821
[events] encrypted command channel ready
[session] RECORD: session-focus handshake sent (requestUI=true, takeScreen=true)
[session] RECORD done
[receiver] POST /command (enc, 287 B body)
[command] ← iPhone POST /command type='modesChanged' (287 B)
[receiver] POST /command (enc, 287 B body)
[command] ← iPhone POST /command type='modesChanged' (287 B)
[receiver] POST /command (enc, 115 B body)
[command] ← iPhone POST /command type='disableBluetooth' (115 B)
[receiver] POST /command (enc, 287 B body)
[command] ← iPhone POST /command type='modesChanged' (287 B)
[receiver] SETUP /12047929092384112826 (enc, 167 B body)
[session] >>> SETUP stream dict (type 110): streamConnectionID=-8429447653889390857, latencyMs=25, type=110, uuid=E0CB6FB0-0000-0000-0000-0000C0FFEE01
[session] SETUP phase2 screen(110) scid=10017296419820160759 → dataPort 51492
[receiver] POST /command (enc, 287 B body)
[command] ← iPhone POST /command type='modesChanged' (287 B)
[screen] iPhone connected from [fe80::c92:ff0b:1701:492%5]:61822; forwarding video → 127.0.0.1:9001
[screen] carlink :9001 connected
[screen] requested ForceKeyFrame for the new :9001 consumer
[screen] fwd-enc: handed video key (scid=10017296419820160759) to seam
[screen] fwd-enc: forwarding ENCRYPTED frames (no on-box decrypt)
[receiver] POST /feedback (enc, 0 B body)
[input] #1 down x=78 y=662 (of 1920×720) hid_sent=true
[input] #3 up x=78 y=663 (of 1920×720) hid_sent=true
[receiver] POST /command (enc, 287 B body)
[command] ← iPhone POST /command type='modesChanged' (287 B)
[input] #4 down x=755 y=159 (of 1920×720) hid_sent=true
[input] #6 up x=755 y=160 (of 1920×720) hid_sent=true
[receiver] POST /command (enc, 287 B body)
[command] ← iPhone POST /command type='modesChanged' (287 B)
[receiver] POST /feedback (enc, 0 B body)
[input] #7 down x=1466 y=62 (of 1920×720) hid_sent=true
[input] #9 up x=1466 y=62 (of 1920×720) hid_sent=true
[input] #10 down x=763 y=462 (of 1920×720) hid_sent=true
[input] #12 up x=763 y=462 (of 1920×720) hid_sent=true
[receiver] POST /command (enc, 287 B body)
[command] ← iPhone POST /command type='modesChanged' (287 B)
[receiver] POST /command (enc, 287 B body)
[command] ← iPhone POST /command type='modesChanged' (287 B)
[receiver] POST /command (enc, 287 B body)
[command] ← iPhone POST /command type='modesChanged' (287 B)
[receiver] POST /feedback (enc, 0 B body)
[receiver] SETUP /12047929092384112826 (enc, 201 B body)
[session] >>> SETUP stream dict (type 100): type=100, streamConnectionID=1251515512320969975, audioFormat=32768, supportsHighAccuracyTimestamps=true, audioType=media, audioLatencyMs=32
[session] SETUP phase2 audio(100) scid=1251515512320969975 fmt=0x8000 48000Hz 2ch Pcm audioType="media" → dataPort 52988
[audio] stream 100 Pcm → media :9002 (48000Hz 2ch)
[audio] fwd-enc: handed media key+format (scid=1251515512320969975 Pcm 48000Hz 2ch atype=0) to seam
[audio] fwd-enc: forwarding ENCRYPTED media RTP (no on-box decrypt)
[input] #13 down x=508 y=642 (of 1920×720) hid_sent=true
[input] #15 up x=508 y=642 (of 1920×720) hid_sent=true
[input] #16 down x=508 y=642 (of 1920×720) hid_sent=true
[input] #17 up x=508 y=642 (of 1920×720) hid_sent=true
[input] #18 down x=659 y=631 (of 1920×720) hid_sent=true
[input] #20 up x=659 y=632 (of 1920×720) hid_sent=true
[receiver] POST /feedback (enc, 0 B body)
[input] #21 down x=659 y=632 (of 1920×720) hid_sent=true
[input] #22 up x=659 y=632 (of 1920×720) hid_sent=true
[input] #23 down x=93 y=256 (of 1920×720) hid_sent=true
[input] #25 up x=93 y=256 (of 1920×720) hid_sent=true
[receiver] POST /command (enc, 287 B body)
[command] ← iPhone POST /command type='modesChanged' (287 B)
[receiver] POST /feedback (enc, 0 B body)
[input] #26 down x=514 y=373 (of 1920×720) hid_sent=true
[input] #27 up x=514 y=373 (of 1920×720) hid_sent=true
[receiver] POST /feedback (enc, 0 B body)
[input] #28 down x=718 y=275 (of 1920×720) hid_sent=true
[input] #29 up x=718 y=275 (of 1920×720) hid_sent=true
[receiver] POST /command (enc, 287 B body)
[command] ← iPhone POST /command type='modesChanged' (287 B)
[receiver] POST /feedback (enc, 0 B body)
[receiver] POST /feedback (enc, 0 B body)
[receiver] POST /feedback (enc, 0 B body)
[input] #30 down x=1845 y=201 (of 1920×720) hid_sent=true
[input] #32 up x=1845 y=201 (of 1920×720) hid_sent=true
[input] #33 down x=356 y=277 (of 1920×720) hid_sent=true
[input] #35 up x=356 y=277 (of 1920×720) hid_sent=true
[receiver] POST /command (enc, 117 B body)
[command] ← iPhone POST /command type='duckAudio' (117 B)
[receiver] SETUP /12047929092384112826 (enc, 203 B body)
[session] >>> SETUP stream dict (type 101): type=101, streamConnectionID=-7024738688467779352, audioFormat=32768, supportsHighAccuracyTimestamps=true, audioType=default, audioLatencyMs=32
[session] SETUP phase2 audio(101) scid=11422005385241772264 fmt=0x8000 48000Hz 2ch Pcm audioType="default" → dataPort 44210
[audio] stream 101 Pcm → voice :9003 (48000Hz 2ch)
[audio] fwd-enc: handed voice key+format (scid=11422005385241772264 Pcm 48000Hz 2ch atype=4) to seam
[audio] fwd-enc: forwarding ENCRYPTED voice RTP (no on-box decrypt)
[receiver] POST /feedback (enc, 0 B body)
[receiver] POST /command (enc, 119 B body)
[command] ← iPhone POST /command type='unduckAudio' (119 B)
[receiver] POST /feedback (enc, 0 B body)
[receiver] TEARDOWN /12047929092384112826 (enc, 69 B body)
[session] partial TEARDOWN — stopped streams [101], session kept
[audio] stream 101 ended after 341 frames (0 drops)
[receiver] POST /feedback (enc, 0 B body)
[receiver] POST /feedback (enc, 0 B body)
[receiver] POST /feedback (enc, 0 B body)
[receiver] POST /feedback (enc, 0 B body)
[receiver] POST /feedback (enc, 0 B body)
[receiver] POST /feedback (enc, 0 B body)
[receiver] POST /feedback (enc, 0 B body)
[receiver] POST /feedback (enc, 0 B body)
[receiver] POST /feedback (enc, 0 B body)
[receiver] POST /feedback (enc, 0 B body)
[receiver] POST /feedback (enc, 0 B body)
[receiver] POST /feedback (enc, 0 B body)
[receiver] POST /feedback (enc, 0 B body)
[input] #36 down x=78 y=621 (of 1920×720) hid_sent=true
[input] #38 up x=78 y=622 (of 1920×720) hid_sent=true
[receiver] POST /command (enc, 287 B body)
[command] ← iPhone POST /command type='modesChanged' (287 B)
[receiver] POST /feedback (enc, 0 B body)
[receiver] POST /feedback (enc, 0 B body)
[receiver] POST /feedback (enc, 0 B body)
[receiver] POST /feedback (enc, 0 B body)
[receiver] POST /feedback (enc, 0 B body)
[receiver] POST /feedback (enc, 0 B body)
[receiver] POST /feedback (enc, 0 B body)
[receiver] POST /feedback (enc, 0 B body)
[receiver] POST /feedback (enc, 0 B body)
[receiver] POST /feedback (enc, 0 B body)
[input] #39 down x=404 y=124 (of 1920×720) hid_sent=true
[input] #41 up x=404 y=124 (of 1920×720) hid_sent=true
[receiver] POST /command (enc, 287 B body)
[command] ← iPhone POST /command type='modesChanged' (287 B)
[receiver] POST /feedback (enc, 0 B body)
[receiver] POST /feedback (enc, 0 B body)
[receiver] POST /feedback (enc, 0 B body)
[receiver] POST /feedback (enc, 0 B body)
[receiver] POST /feedback (enc, 0 B body)
[receiver] POST /feedback (enc, 0 B body)
[receiver] POST /feedback (enc, 0 B body)
[receiver] POST /feedback (enc, 0 B body)
[receiver] POST /feedback (enc, 0 B body)
[receiver] POST /feedback (enc, 0 B body)
[receiver] POST /feedback (enc, 0 B body)
[input] #42 down x=93 y=220 (of 1920×720) hid_sent=true
[input] #43 up x=93 y=220 (of 1920×720) hid_sent=true
[receiver] POST /command (enc, 287 B body)
[command] ← iPhone POST /command type='modesChanged' (287 B)
[input] #44 down x=84 y=665 (of 1920×720) hid_sent=true
[input] #45 up x=84 y=665 (of 1920×720) hid_sent=true
[receiver] POST /command (enc, 287 B body)
[command] ← iPhone POST /command type='modesChanged' (287 B)
[receiver] POST /feedback (enc, 0 B body)
[input] #46 down x=1373 y=168 (of 1920×720) hid_sent=true
[input] #48 up x=1372 y=168 (of 1920×720) hid_sent=true
[receiver] POST /command (enc, 287 B body)
[command] ← iPhone POST /command type='modesChanged' (287 B)
[receiver] POST /feedback (enc, 0 B body)
[input] #49 down x=44 y=653 (of 1920×720) hid_sent=true
[input] #51 up x=44 y=653 (of 1920×720) hid_sent=true
[receiver] POST /command (enc, 287 B body)
[command] ← iPhone POST /command type='modesChanged' (287 B)
[input] #52 down x=385 y=173 (of 1920×720) hid_sent=true
[input] #54 up x=385 y=173 (of 1920×720) hid_sent=true
[receiver] POST /feedback (enc, 0 B body)
[input] #55 down x=420 y=141 (of 1920×720) hid_sent=true
[input] #56 up x=420 y=141 (of 1920×720) hid_sent=true
[receiver] POST /command (enc, 287 B body)
[command] ← iPhone POST /command type='modesChanged' (287 B)
[input] #57 down x=906 y=87 (of 1920×720) hid_sent=true
[input] #59 up x=906 y=87 (of 1920×720) hid_sent=true
[receiver] POST /feedback (enc, 0 B body)
[receiver] POST /feedback (enc, 0 B body)
[receiver] POST /feedback (enc, 0 B body)
[receiver] POST /feedback (enc, 0 B body)
[receiver] POST /feedback (enc, 0 B body)
[receiver] POST /feedback (enc, 0 B body)
[input] #60 down x=74 y=651 (of 1920×720) hid_sent=true
[receiver] POST /feedback (enc, 0 B body)
[input] #61 up x=74 y=651 (of 1920×720) hid_sent=true
[receiver] POST /command (enc, 287 B body)
[command] ← iPhone POST /command type='modesChanged' (287 B)
[input] #62 down x=74 y=651 (of 1920×720) hid_sent=true
[input] #63 up x=74 y=651 (of 1920×720) hid_sent=true
[receiver] POST /command (enc, 287 B body)
[command] ← iPhone POST /command type='modesChanged' (287 B)
[receiver] POST /feedback (enc, 0 B body)
[receiver] POST /feedback (enc, 0 B body)
[receiver] POST /feedback (enc, 0 B body)
[receiver] POST /feedback (enc, 0 B body)
[receiver] POST /feedback (enc, 0 B body)
[receiver] POST /feedback (enc, 0 B body)
[receiver] POST /feedback (enc, 0 B body)
[receiver] POST /feedback (enc, 0 B body)
[receiver] POST /feedback (enc, 0 B body)
[receiver] POST /feedback (enc, 0 B body)
[receiver] POST /feedback (enc, 0 B body)
[receiver] POST /feedback (enc, 0 B body)
[receiver] POST /feedback (enc, 0 B body)
[receiver] POST /feedback (enc, 0 B body)
[receiver] POST /feedback (enc, 0 B body)
[receiver] POST /feedback (enc, 0 B body)
[receiver] POST /feedback (enc, 0 B body)
[receiver] POST /feedback (enc, 0 B body)
